[debug] [2025-02-24T15:17:51.805Z] ----------------------------------------------------------------------
[debug] [2025-02-24T15:17:51.809Z] Command:       C:\Program Files\nodejs\node.exe C:\Users\91930\AppData\Roaming\npm\node_modules\firebase-tools\lib\bin\firebase.js init
[debug] [2025-02-24T15:17:51.809Z] CLI Version:   13.31.2
[debug] [2025-02-24T15:17:51.810Z] Platform:      win32
[debug] [2025-02-24T15:17:51.810Z] Node Version:  v20.15.1
[debug] [2025-02-24T15:17:51.810Z] Time:          Mon Feb 24 2025 20:47:51 GMT+0530 (India Standard Time)
[debug] [2025-02-24T15:17:51.810Z] ----------------------------------------------------------------------
[debug] 
[debug] [2025-02-24T15:17:51.819Z] > command requires scopes: ["email","openid","https://www.googleapis.com/auth/cloudplatformprojects.readonly","https://www.googleapis.com/auth/firebase","https://www.googleapis.com/auth/cloud-platform"]
[debug] [2025-02-24T15:17:51.819Z] > authorizing via signed-in user (skp91513@gmail.com)
[info] 
     ######## #### ########  ######## ########     ###     ######  ########
     ##        ##  ##     ## ##       ##     ##  ##   ##  ##       ##
     ######    ##  ########  ######   ########  #########  ######  ######
     ##        ##  ##    ##  ##       ##     ## ##     ##       ## ##
     ##       #### ##     ## ######## ########  ##     ##  ######  ########

You're about to initialize a Firebase project in this directory:

  C:\Users\91930\Downloads\Pencil-chess-game-main\Pencil-chess-game-main

[info] 
=== Project Setup
[info] 
[info] First, let's associate this project directory with a Firebase project.
[info] You can create multiple project aliases by running firebase use --add, 
[info] but for now we'll just set up a default project.
[info] 
[debug] [2025-02-24T15:19:01.672Z] Checked if tokens are valid: true, expires at: 1740413604191
[debug] [2025-02-24T15:19:01.672Z] Checked if tokens are valid: true, expires at: 1740413604191
[debug] [2025-02-24T15:19:01.675Z] >>> [apiv2][query] GET https://firebase.googleapis.com/v1beta1/projects pageSize=100
[debug] [2025-02-24T15:19:03.070Z] <<< [apiv2][status] GET https://firebase.googleapis.com/v1beta1/projects 200
[debug] [2025-02-24T15:19:03.070Z] <<< [apiv2][body] GET https://firebase.googleapis.com/v1beta1/projects [omitted]
[info] i  Using project pencil-test-basic (pencil-test-basic) 
[info] 
=== Hosting Setup
[debug] [2025-02-24T15:19:16.900Z] Checked if tokens are valid: true, expires at: 1740413604191
[debug] [2025-02-24T15:19:16.900Z] Checked if tokens are valid: true, expires at: 1740413604191
[debug] [2025-02-24T15:19:16.901Z] >>> [apiv2][query] GET https://firebase.googleapis.com/v1beta1/projects/pencil-test-basic [none]
[debug] [2025-02-24T15:19:17.822Z] <<< [apiv2][status] GET https://firebase.googleapis.com/v1beta1/projects/pencil-test-basic 200
[debug] [2025-02-24T15:19:17.822Z] <<< [apiv2][body] GET https://firebase.googleapis.com/v1beta1/projects/pencil-test-basic {"projectId":"pencil-test-basic","projectNumber":"536138355930","displayName":"pencil-test-basic","name":"projects/pencil-test-basic","resources":{"hostingSite":"pencil-test-basic"},"state":"ACTIVE","etag":"1_3f78b55d-67ec-468d-8d96-24aefcb3073d"}
[info] 
[info] Your public directory is the folder (relative to your project directory) that
[info] will contain Hosting assets to be uploaded with firebase deploy. If you
[info] have a build process for your assets, use your build's output directory.
[info] 
[debug] [2025-02-24T15:19:34.843Z] >>> [apiv2][query] GET https://www.gstatic.com/firebasejs/releases.json [none]
[debug] [2025-02-24T15:19:35.167Z] <<< [apiv2][status] GET https://www.gstatic.com/firebasejs/releases.json 200
[debug] [2025-02-24T15:19:35.167Z] <<< [apiv2][body] GET https://www.gstatic.com/firebasejs/releases.json {"current":{"version":"11.3.1","browserURL":"https://www.gstatic.com/firebasejs/11.3.1/firebase.js","packageURL":"https://www.gstatic.com/firebasejs/11.3.1/firebase.tgz"},"live":{"version":"11.3","browserURL":"https://www.gstatic.com/firebasejs/live/11.3/firebase.js","packageURL":"https://www.gstatic.com/firebasejs/live/11.3/firebase.tgz"},"components":{"analytics":"https://www.gstatic.com/firebasejs/11.3.1/firebase-analytics.js","app":"https://www.gstatic.com/firebasejs/11.3.1/firebase-app.js","app-check":"https://www.gstatic.com/firebasejs/11.3.1/firebase-app-check.js","auth":"https://www.gstatic.com/firebasejs/11.3.1/firebase-auth.js","auth/cordova":"https://www.gstatic.com/firebasejs/11.3.1/firebase-auth/cordova.js","auth/web-extension":"https://www.gstatic.com/firebasejs/11.3.1/firebase-auth/web-extension.js","functions":"https://www.gstatic.com/firebasejs/11.3.1/firebase-functions.js","firestore":"https://www.gstatic.com/firebasejs/11.3.1/firebase-firestore.js","firestore/lite":"https://www.gstatic.com/firebasejs/11.3.1/firebase-firestore/lite.js","installations":"https://www.gstatic.com/firebasejs/11.3.1/firebase-installations.js","storage":"https://www.gstatic.com/firebasejs/11.3.1/firebase-storage.js","performance":"https://www.gstatic.com/firebasejs/11.3.1/firebase-performance.js","remote-config":"https://www.gstatic.com/firebasejs/11.3.1/firebase-remote-config.js","messaging":"https://www.gstatic.com/firebasejs/11.3.1/firebase-messaging.js","messaging/sw":"https://www.gstatic.com/firebasejs/11.3.1/firebase-messaging/sw.js","database":"https://www.gstatic.com/firebasejs/11.3.1/firebase-database.js","vertexai":"https://www.gstatic.com/firebasejs/11.3.1/firebase-vertexai.js","data-connect":"https://www.gstatic.com/firebasejs/11.3.1/firebase-data-connect.js","firestore.memory":"https://www.gstatic.com/firebasejs/11.3.1/firebase-firestore.memory.js"}}
[info] i  public/index.html is unchanged 
[info] 
[info] i  Detected a .git folder at C:\Users\91930\Downloads\Pencil-chess-game-main\Pencil-chess-game-main 
[info] i  Authorizing with GitHub to upload your service account to a GitHub repository's secrets store. 
[info] 
[info] Visit this URL on this device to log in:
[info] https://github.com/login/oauth/authorize?client_id=89cf50f02ac6aaed3484&state=921888263&redirect_uri=http%3A%2F%2Flocalhost%3A9005&scope=read%3Auser%20repo%20public_repo
[info] 
[info] Waiting for authentication...
[debug] [2025-02-24T15:19:36.555Z] >>> [apiv2][query] POST https://github.com/login/oauth/access_token [none]
[debug] [2025-02-24T15:19:36.555Z] >>> [apiv2][body] POST https://github.com/login/oauth/access_token [stream]
[debug] [2025-02-24T15:19:37.170Z] <<< [apiv2][status] POST https://github.com/login/oauth/access_token 200
[debug] [2025-02-24T15:19:37.171Z] <<< [apiv2][body] POST https://github.com/login/oauth/access_token {"access_token":"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","token_type":"bearer","scope":"read:user,repo"}
[debug] [2025-02-24T15:19:37.185Z] >>> [apiv2][query] GET https://api.github.com/user [none]
[debug] [2025-02-24T15:19:37.886Z] <<< [apiv2][status] GET https://api.github.com/user 200
[debug] [2025-02-24T15:19:37.886Z] <<< [apiv2][body] GET https://api.github.com/user {"login":"shivamkpp","id":139913192,"node_id":"U_kgDOCFbn6A","avatar_url":"https://avatars.githubusercontent.com/u/139913192?v=4","gravatar_id":"","url":"https://api.github.com/users/shivamkpp","html_url":"https://github.com/shivamkpp","followers_url":"https://api.github.com/users/shivamkpp/followers","following_url":"https://api.github.com/users/shivamkpp/following{/other_user}","gists_url":"https://api.github.com/users/shivamkpp/gists{/gist_id}","starred_url":"https://api.github.com/users/shivamkpp/starred{/owner}{/repo}","subscriptions_url":"https://api.github.com/users/shivamkpp/subscriptions","organizations_url":"https://api.github.com/users/shivamkpp/orgs","repos_url":"https://api.github.com/users/shivamkpp/repos","events_url":"https://api.github.com/users/shivamkpp/events{/privacy}","received_events_url":"https://api.github.com/users/shivamkpp/received_events","type":"User","user_view_type":"private","site_admin":false,"name":null,"company":null,"blog":"","location":null,"email":null,"hireable":null,"bio":null,"twitter_username":null,"notification_email":null,"public_repos":5,"public_gists":0,"followers":0,"following":0,"created_at":"2023-07-18T18:10:06Z","updated_at":"2025-02-22T18:55:21Z","private_gists":0,"total_private_repos":1,"owned_private_repos":1,"disk_usage":480,"collaborators":1,"two_factor_authentication":true,"plan":{"name":"free","space":976562499,"collaborators":0,"private_repos":10000}}
[info] 
[info] +  Success! Logged into GitHub as shivamkpp 
[info] 
[debug] [2025-02-24T15:20:15.472Z] >>> [apiv2][query] GET https://api.github.com/repos/shivammkpp/chess-angular/actions/secrets/public-key type=owner
[debug] [2025-02-24T15:20:15.974Z] <<< [apiv2][status] GET https://api.github.com/repos/shivammkpp/chess-angular/actions/secrets/public-key 404
[debug] [2025-02-24T15:20:15.975Z] <<< [apiv2][body] GET https://api.github.com/repos/shivammkpp/chess-angular/actions/secrets/public-key {"message":"Not Found","documentation_url":"https://docs.github.com/rest/actions/secrets#get-a-repository-public-key","status":"404"}
[info] 
[info] 
[error] !  The provided authorization cannot be used with this repository. If this repository is in an organization, did you remember to grant access? 
[info] 
[info] i  Action required: Visit this URL to ensure access has been granted to the appropriate organization(s) for the Firebase CLI GitHub OAuth App: 
[info] https://github.com/settings/connections/applications/89cf50f02ac6aaed3484
[info] 
[debug] [2025-02-24T15:20:26.713Z] >>> [apiv2][query] GET https://api.github.com/repos/shivammkpp/chess-angular/actions/secrets/public-key type=owner
[debug] [2025-02-24T15:20:27.250Z] <<< [apiv2][status] GET https://api.github.com/repos/shivammkpp/chess-angular/actions/secrets/public-key 404
[debug] [2025-02-24T15:20:27.251Z] <<< [apiv2][body] GET https://api.github.com/repos/shivammkpp/chess-angular/actions/secrets/public-key {"message":"Not Found","documentation_url":"https://docs.github.com/rest/actions/secrets#get-a-repository-public-key","status":"404"}
[info] 
[info] 
[error] !  The provided authorization cannot be used with this repository. If this repository is in an organization, did you remember to grant access? 
[info] 
[info] i  Action required: Visit this URL to ensure access has been granted to the appropriate organization(s) for the Firebase CLI GitHub OAuth App: 
[info] https://github.com/settings/connections/applications/89cf50f02ac6aaed3484
[info] 
